Registered S3 method overwritten by 'quantmod':
  method            from
  as.zoo.data.frame zoo 

Attaching package: ‘dplyr’

The following objects are masked from ‘package:stats’:

    filter, lag

The following objects are masked from ‘package:base’:

    intersect, setdiff, setequal, union


Attaching package: ‘lubridate’

The following objects are masked from ‘package:base’:

    date, intersect, setdiff, union


Attaching package: ‘plotly’

The following object is masked from ‘package:ggplot2’:

    last_plot

The following object is masked from ‘package:stats’:

    filter

The following object is masked from ‘package:graphics’:

    layout


Attaching package: ‘gridExtra’

The following object is masked from ‘package:dplyr’:

    combine

Loading required package: smooth
Loading required package: greybox
Package "greybox", v2.0.6 loaded.


Attaching package: ‘greybox’

The following object is masked from ‘package:lubridate’:

    hm

This is package "smooth", v4.3.1


=== DATA STRUCTURE ===
'data.frame':	171 obs. of  14 variables:
 $ searchDate              : Date, format: "2022-04-16" "2022-04-17" ...
 $ totalFare_mean          : num  382 347 349 364 348 ...
 $ totalFare_median        : num  352 319 306 328 312 ...
 $ totalFare_std           : num  237 205 248 258 219 ...
 $ totalFare_min           : num  54 36 30.7 30.7 63.6 ...
 $ totalFare_max           : num  1951 1665 2567 2562 2562 ...
 $ totalFare_count         : int  231 1244 1136 1315 902 1298 1302 1263 600 1339 ...
 $ baseFare_mean           : num  333 299 300 315 301 ...
 $ baseFare_median         : num  305 272 255 277 264 ...
 $ totalTravelDistance_mean: num  1685 1585 1602 1559 1578 ...
 $ seatsRemaining_mean     : num  4.68 5.67 5.71 5.79 5.54 ...
 $ isBasicEconomy_mean     : num  0.0346 0.0764 0.0836 0.0684 0.0732 ...
 $ isNonStop_mean          : num  0.208 0.297 0.268 0.284 0.312 ...
 $ X                       : logi  NA NA NA NA NA NA ...
  searchDate totalFare_mean totalFare_median totalFare_std totalFare_min
1 2022-04-16       382.3373          351.600      236.8924         53.97
2 2022-04-17       346.7201          318.600      205.1958         35.97
3 2022-04-18       348.7176          305.610      247.8958         30.69
4 2022-04-19       364.0570          328.200      257.5938         30.69
5 2022-04-20       348.4135          312.395      218.7845         63.60
6 2022-04-21       355.2327          328.150      205.6752         38.61
  totalFare_max totalFare_count baseFare_mean baseFare_median
1       1950.69             231      332.5565         305.120
2       1664.70            1244      298.5355         271.780
3       2567.20            1136      300.0058         255.350
4       2561.60            1315      314.6053         277.210
5       2561.60             902      301.3050         264.190
6       3149.60            1298      305.8916         279.535
  totalTravelDistance_mean seatsRemaining_mean isBasicEconomy_mean
1                 1684.869            4.683983          0.03463203
2                 1585.485            5.668006          0.07636656
3                 1602.244            5.705986          0.08362676
4                 1559.144            5.789354          0.06844106
5                 1578.292            5.536585          0.07317073
6                 1598.854            5.684129          0.07087827
  isNonStop_mean  X
1      0.2077922 NA
2      0.2966238 NA
3      0.2684859 NA
4      0.2836502 NA
5      0.3115299 NA
6      0.3020031 NA
   Min. 1st Qu.  Median    Mean 3rd Qu.    Max. 
  288.5   307.2   335.9   343.0   380.6   420.4 
Time Series:
Start = c(1, 1) 
End = c(1, 171) 
Frequency = 365 
  [1] 382.3373 346.7201 348.7176 364.0570 348.4135 355.2327 352.5925 343.8856
  [9] 333.3145 342.1836 346.0425 364.5217 364.6138 373.5440 376.1118 371.3883
 [17] 380.9384 379.7862 390.6270 377.0601 386.5701 394.8810 391.1253 396.7605
 [25] 380.4998 405.5581 408.5148 392.6268 375.5475 420.3786 398.8961 411.2797
 [33] 405.6675 393.8154 400.8933 379.6073 395.7720 414.4739 406.7160 396.5820
 [41] 407.3880 415.4954 399.9266 396.4131 406.0470 406.2358 397.0610 400.3683
 [49] 404.6528 393.4618 400.3651 407.5203 396.7348 398.3494 385.5077 384.0214
 [57] 398.2492 397.2923 401.6141 380.2553 383.2896 375.4892 381.6314 394.6297
 [65] 380.7051 374.5088 374.2124 369.9496 370.2473 354.1415 359.6323 366.3166
 [73] 374.0916 356.0215 344.7825 347.6951 346.5955 343.9559 365.9450 355.0513
 [81] 336.7315 348.7750 341.1927 350.6225 335.8829 339.0352 344.5835 325.7207
 [89] 324.5445 320.9390 327.0132 316.7196 315.3045 320.9952 312.6302 315.9551
 [97] 314.6432 313.8426 306.7295 318.7721 312.6681 314.1016 319.1207 301.7164
[105] 311.3695 297.0136 301.4967 302.9791 306.0307 308.1934 304.0920 292.0854
[113] 292.4051 305.4159 298.1540 292.9687 300.4603 292.8207 298.6124 291.0593
[121] 290.5100 291.3630 299.4982 299.8467 295.4990 299.9885 300.8825 288.5346
[129] 305.0967 301.5531 317.6752 312.4005 306.6004 303.0468 299.4932 308.0377
[137] 305.7108 297.5404 301.3015 311.8004 302.1981 300.5262 309.5586 313.2938
[145] 312.1840 311.1027 305.5378 309.7095 309.5807 307.3712 303.2378 304.3838
[153] 302.2903 296.5905 312.3326 310.1899 308.0473 307.0959 310.2604 309.2457
[161] 309.4658 313.0717 314.4855 296.6700 308.7955 305.1548 317.5475 303.8720
[169] 308.8366 318.9533 314.8557
Note: Skipping dygraph due to ts object format
Time Series:
Start = c(1, 1) 
End = c(1, 171) 
Frequency = 365 
  [1] 382.3373 346.7201 348.7176 364.0570 348.4135 355.2327 352.5925 343.8856
  [9] 333.3145 342.1836 346.0425 364.5217 364.6138 373.5440 376.1118 371.3883
 [17] 380.9384 379.7862 390.6270 377.0601 386.5701 394.8810 391.1253 396.7605
 [25] 380.4998 405.5581 408.5148 392.6268 375.5475 420.3786 398.8961 411.2797
 [33] 405.6675 393.8154 400.8933 379.6073 395.7720 414.4739 406.7160 396.5820
 [41] 407.3880 415.4954 399.9266 396.4131 406.0470 406.2358 397.0610 400.3683
 [49] 404.6528 393.4618 400.3651 407.5203 396.7348 398.3494 385.5077 384.0214
 [57] 398.2492 397.2923 401.6141 380.2553 383.2896 375.4892 381.6314 394.6297
 [65] 380.7051 374.5088 374.2124 369.9496 370.2473 354.1415 359.6323 366.3166
 [73] 374.0916 356.0215 344.7825 347.6951 346.5955 343.9559 365.9450 355.0513
 [81] 336.7315 348.7750 341.1927 350.6225 335.8829 339.0352 344.5835 325.7207
 [89] 324.5445 320.9390 327.0132 316.7196 315.3045 320.9952 312.6302 315.9551
 [97] 314.6432 313.8426 306.7295 318.7721 312.6681 314.1016 319.1207 301.7164
[105] 311.3695 297.0136 301.4967 302.9791 306.0307 308.1934 304.0920 292.0854
[113] 292.4051 305.4159 298.1540 292.9687 300.4603 292.8207 298.6124 291.0593
[121] 290.5100 291.3630 299.4982 299.8467 295.4990 299.9885 300.8825 288.5346
[129] 305.0967 301.5531 317.6752 312.4005 306.6004 303.0468 299.4932 308.0377
[137] 305.7108 297.5404 301.3015 311.8004 302.1981 300.5262 309.5586 313.2938
[145] 312.1840 311.1027 305.5378 309.7095 309.5807 307.3712 303.2378 304.3838
[153] 302.2903 296.5905 312.3326 310.1899 308.0473 307.0959 310.2604 309.2457
[161] 309.4658 313.0717 314.4855 296.6700 308.7955 305.1548 317.5475 303.8720
[169] 308.8366 318.9533 314.8557
Warning message:
In window.default(x, ...) : 'end' value not changed

=== DATA SPLIT ===
Total observations: 171 
Training observations: 137 
Testing observations: 34 
Training data length: 137 
Testing data length: 34 

=== NAIVE FORECAST ===

Forecast method: ETS(M,Ad,N)

Model Information:
ETS(M,Ad,N) 

Call:
ets(y = object, model = "ZZN", lambda = lambda, biasadj = biasadj, 
    allow.multiplicative.trend = allow.multiplicative.trend)

  Smoothing parameters:
    alpha = 0.2134 
    beta  = 0.1032 
    phi   = 0.8262 

  Initial states:
    l = 371.3742 
    b = -9.1059 

  sigma:  0.0268

     AIC     AICc      BIC 
1294.516 1295.163 1312.036 

Error measures:
                     ME     RMSE      MAE        MPE     MAPE MASE      ACF1
Training set -0.2366182 9.456513 7.447556 -0.1206778 2.098175  NaN 0.1017923

Forecasts:
         Point Forecast    Lo 80    Hi 80    Lo 95    Hi 95
1.375342       306.5781 296.0350 317.1213 290.4537 322.7025
1.378082       306.3478 295.3517 317.3439 289.5308 323.1649
1.380822       306.1575 294.4991 317.8160 288.3275 323.9876
1.383562       306.0003 293.5068 318.4939 286.8931 325.1076
1.386301       305.8704 292.4135 319.3273 285.2899 326.4509
1.389041       305.7631 291.2559 320.2703 283.5763 327.9499
1.391781       305.6744 290.0634 321.2854 281.7995 329.5494
1.394521       305.6012 288.8583 322.3440 279.9951 331.2072
1.397260       305.5406 287.6561 323.4251 278.1887 332.8926
1.400000       305.4906 286.4676 324.5136 276.3975 334.5838
1.402740       305.4493 285.2998 325.5988 274.6333 336.2653
1.405479       305.4152 284.1568 326.6735 272.9034 337.9269
1.408219       305.3870 283.0413 327.7326 271.2122 339.5617
1.410959       305.3636 281.9543 328.7730 269.5621 341.1652
1.413699       305.3444 280.8960 329.7927 267.9539 342.7349
1.416438       305.3285 279.8662 330.7907 266.3873 344.2696
1.419178       305.3153 278.8642 331.7665 264.8618 345.7689
1.421918       305.3045 277.8889 332.7201 263.3759 347.2330
1.424658       305.2955 276.9392 333.6518 261.9284 348.6627
1.427397       305.2881 276.0141 334.5621 260.5174 350.0588
1.430137       305.2820 275.1122 335.4517 259.1414 351.4226
1.432877       305.2769 274.2325 336.3213 257.7986 352.7552
1.435616       305.2727 273.3737 337.1718 256.4873 354.0581
1.438356       305.2693 272.5347 338.0039 255.2060 355.3325
1.441096       305.2664 271.7145 338.8184 253.9531 356.5797
1.443836       305.2641 270.9120 339.6161 252.7271 357.8010
1.446575       305.2621 270.1264 340.3978 251.5267 358.9975
1.449315       305.2605 269.3567 341.1643 250.3504 360.1706
1.452055       305.2592 268.6021 341.9162 249.1971 361.3213
1.454795       305.2581 267.8619 342.6542 248.0656 362.4506
1.457534       305.2572 267.1353 343.3790 246.9548 363.5596
1.460274       305.2564 266.4216 344.0912 245.8637 364.6491
1.463014       305.2558 265.7202 344.7914 244.7913 365.7202
1.465753       305.2553 265.0306 345.4800 243.7369 366.7737

=== TIME SERIES DECOMPOSITION ===
Error in decompose(tsfare_train, "additive") : 
  time series has no or less than 2 periods
Execution halted
