Registered S3 method overwritten by 'quantmod':
  method            from
  as.zoo.data.frame zoo 

Attaching package: ‘dplyr’

The following objects are masked from ‘package:stats’:

    filter, lag

The following objects are masked from ‘package:base’:

    intersect, setdiff, setequal, union


Attaching package: ‘lubridate’

The following objects are masked from ‘package:base’:

    date, intersect, setdiff, union


Attaching package: ‘plotly’

The following object is masked from ‘package:ggplot2’:

    last_plot

The following object is masked from ‘package:stats’:

    filter

The following object is masked from ‘package:graphics’:

    layout


Attaching package: ‘gridExtra’

The following object is masked from ‘package:dplyr’:

    combine

Loading required package: smooth
Loading required package: greybox
Package "greybox", v2.0.6 loaded.


Attaching package: ‘greybox’

The following object is masked from ‘package:lubridate’:

    hm

This is package "smooth", v4.3.1
By the way, have you already tried adam() function from smooth?


=== DATA STRUCTURE ===
'data.frame':	171 obs. of  14 variables:
 $ searchDate              : Date, format: "2022-04-16" "2022-04-17" ...
 $ totalFare_mean          : num  382 347 349 364 348 ...
 $ totalFare_median        : num  352 319 306 328 312 ...
 $ totalFare_std           : num  237 205 248 258 219 ...
 $ totalFare_min           : num  54 36 30.7 30.7 63.6 ...
 $ totalFare_max           : num  1951 1665 2567 2562 2562 ...
 $ totalFare_count         : int  231 1244 1136 1315 902 1298 1302 1263 600 1339 ...
 $ baseFare_mean           : num  333 299 300 315 301 ...
 $ baseFare_median         : num  305 272 255 277 264 ...
 $ totalTravelDistance_mean: num  1685 1585 1602 1559 1578 ...
 $ seatsRemaining_mean     : num  4.68 5.67 5.71 5.79 5.54 ...
 $ isBasicEconomy_mean     : num  0.0346 0.0764 0.0836 0.0684 0.0732 ...
 $ isNonStop_mean          : num  0.208 0.297 0.268 0.284 0.312 ...
 $ X                       : logi  NA NA NA NA NA NA ...
  searchDate totalFare_mean totalFare_median totalFare_std totalFare_min
1 2022-04-16       382.3373          351.600      236.8924         53.97
2 2022-04-17       346.7201          318.600      205.1958         35.97
3 2022-04-18       348.7176          305.610      247.8958         30.69
4 2022-04-19       364.0570          328.200      257.5938         30.69
5 2022-04-20       348.4135          312.395      218.7845         63.60
6 2022-04-21       355.2327          328.150      205.6752         38.61
  totalFare_max totalFare_count baseFare_mean baseFare_median
1       1950.69             231      332.5565         305.120
2       1664.70            1244      298.5355         271.780
3       2567.20            1136      300.0058         255.350
4       2561.60            1315      314.6053         277.210
5       2561.60             902      301.3050         264.190
6       3149.60            1298      305.8916         279.535
  totalTravelDistance_mean seatsRemaining_mean isBasicEconomy_mean
1                 1684.869            4.683983          0.03463203
2                 1585.485            5.668006          0.07636656
3                 1602.244            5.705986          0.08362676
4                 1559.144            5.789354          0.06844106
5                 1578.292            5.536585          0.07317073
6                 1598.854            5.684129          0.07087827
  isNonStop_mean  X
1      0.2077922 NA
2      0.2966238 NA
3      0.2684859 NA
4      0.2836502 NA
5      0.3115299 NA
6      0.3020031 NA
   Min. 1st Qu.  Median    Mean 3rd Qu.    Max. 
  288.5   307.2   335.9   343.0   380.6   420.4 
Time Series:
Start = c(1, 1) 
End = c(25, 3) 
Frequency = 7 
  [1] 382.3373 346.7201 348.7176 364.0570 348.4135 355.2327 352.5925 343.8856
  [9] 333.3145 342.1836 346.0425 364.5217 364.6138 373.5440 376.1118 371.3883
 [17] 380.9384 379.7862 390.6270 377.0601 386.5701 394.8810 391.1253 396.7605
 [25] 380.4998 405.5581 408.5148 392.6268 375.5475 420.3786 398.8961 411.2797
 [33] 405.6675 393.8154 400.8933 379.6073 395.7720 414.4739 406.7160 396.5820
 [41] 407.3880 415.4954 399.9266 396.4131 406.0470 406.2358 397.0610 400.3683
 [49] 404.6528 393.4618 400.3651 407.5203 396.7348 398.3494 385.5077 384.0214
 [57] 398.2492 397.2923 401.6141 380.2553 383.2896 375.4892 381.6314 394.6297
 [65] 380.7051 374.5088 374.2124 369.9496 370.2473 354.1415 359.6323 366.3166
 [73] 374.0916 356.0215 344.7825 347.6951 346.5955 343.9559 365.9450 355.0513
 [81] 336.7315 348.7750 341.1927 350.6225 335.8829 339.0352 344.5835 325.7207
 [89] 324.5445 320.9390 327.0132 316.7196 315.3045 320.9952 312.6302 315.9551
 [97] 314.6432 313.8426 306.7295 318.7721 312.6681 314.1016 319.1207 301.7164
[105] 311.3695 297.0136 301.4967 302.9791 306.0307 308.1934 304.0920 292.0854
[113] 292.4051 305.4159 298.1540 292.9687 300.4603 292.8207 298.6124 291.0593
[121] 290.5100 291.3630 299.4982 299.8467 295.4990 299.9885 300.8825 288.5346
[129] 305.0967 301.5531 317.6752 312.4005 306.6004 303.0468 299.4932 308.0377
[137] 305.7108 297.5404 301.3015 311.8004 302.1981 300.5262 309.5586 313.2938
[145] 312.1840 311.1027 305.5378 309.7095 309.5807 307.3712 303.2378 304.3838
[153] 302.2903 296.5905 312.3326 310.1899 308.0473 307.0959 310.2604 309.2457
[161] 309.4658 313.0717 314.4855 296.6700 308.7955 305.1548 317.5475 303.8720
[169] 308.8366 318.9533 314.8557
Note: Skipping dygraph due to ts object format
Time Series:
Start = c(1, 1) 
End = c(25, 3) 
Frequency = 7 
  [1] 382.3373 346.7201 348.7176 364.0570 348.4135 355.2327 352.5925 343.8856
  [9] 333.3145 342.1836 346.0425 364.5217 364.6138 373.5440 376.1118 371.3883
 [17] 380.9384 379.7862 390.6270 377.0601 386.5701 394.8810 391.1253 396.7605
 [25] 380.4998 405.5581 408.5148 392.6268 375.5475 420.3786 398.8961 411.2797
 [33] 405.6675 393.8154 400.8933 379.6073 395.7720 414.4739 406.7160 396.5820
 [41] 407.3880 415.4954 399.9266 396.4131 406.0470 406.2358 397.0610 400.3683
 [49] 404.6528 393.4618 400.3651 407.5203 396.7348 398.3494 385.5077 384.0214
 [57] 398.2492 397.2923 401.6141 380.2553 383.2896 375.4892 381.6314 394.6297
 [65] 380.7051 374.5088 374.2124 369.9496 370.2473 354.1415 359.6323 366.3166
 [73] 374.0916 356.0215 344.7825 347.6951 346.5955 343.9559 365.9450 355.0513
 [81] 336.7315 348.7750 341.1927 350.6225 335.8829 339.0352 344.5835 325.7207
 [89] 324.5445 320.9390 327.0132 316.7196 315.3045 320.9952 312.6302 315.9551
 [97] 314.6432 313.8426 306.7295 318.7721 312.6681 314.1016 319.1207 301.7164
[105] 311.3695 297.0136 301.4967 302.9791 306.0307 308.1934 304.0920 292.0854
[113] 292.4051 305.4159 298.1540 292.9687 300.4603 292.8207 298.6124 291.0593
[121] 290.5100 291.3630 299.4982 299.8467 295.4990 299.9885 300.8825 288.5346
[129] 305.0967 301.5531 317.6752 312.4005 306.6004 303.0468 299.4932 308.0377
[137] 305.7108 297.5404 301.3015 311.8004 302.1981 300.5262 309.5586 313.2938
[145] 312.1840 311.1027 305.5378 309.7095 309.5807 307.3712 303.2378 304.3838
[153] 302.2903 296.5905 312.3326 310.1899 308.0473 307.0959 310.2604 309.2457
[161] 309.4658 313.0717 314.4855 296.6700 308.7955 305.1548 317.5475 303.8720
[169] 308.8366 318.9533 314.8557
Warning message:
In window.default(x, ...) : 'end' value not changed

=== DATA SPLIT ===
Total observations: 171 
Training observations: 137 
Testing observations: 34 
Training data length: 137 
Testing data length: 34 

=== NAIVE FORECAST ===

Forecast method: ETS(M,Ad,N)

Model Information:
ETS(M,Ad,N) 

Call:
ets(y = object, lambda = lambda, biasadj = biasadj, allow.multiplicative.trend = allow.multiplicative.trend)

  Smoothing parameters:
    alpha = 0.2134 
    beta  = 0.1032 
    phi   = 0.8262 

  Initial states:
    l = 371.3742 
    b = -9.1059 

  sigma:  0.0268

     AIC     AICc      BIC 
1294.516 1295.163 1312.036 

Error measures:
                     ME     RMSE      MAE        MPE     MAPE      MASE
Training set -0.2366182 9.456513 7.447556 -0.1206778 2.098175 0.6059797
                  ACF1
Training set 0.1017923

Forecasts:
         Point Forecast    Lo 80    Hi 80    Lo 95    Hi 95
20.57143       306.5781 296.0350 317.1213 290.4537 322.7025
20.71429       306.3478 295.3517 317.3439 289.5308 323.1649
20.85714       306.1575 294.4991 317.8160 288.3275 323.9876
21.00000       306.0003 293.5068 318.4939 286.8931 325.1076
21.14286       305.8704 292.4135 319.3273 285.2899 326.4509
21.28571       305.7631 291.2559 320.2703 283.5763 327.9499
21.42857       305.6744 290.0634 321.2854 281.7995 329.5494
21.57143       305.6012 288.8583 322.3440 279.9951 331.2072
21.71429       305.5406 287.6561 323.4251 278.1887 332.8926
21.85714       305.4906 286.4676 324.5136 276.3975 334.5838
22.00000       305.4493 285.2998 325.5988 274.6333 336.2653
22.14286       305.4152 284.1568 326.6735 272.9034 337.9269
22.28571       305.3870 283.0413 327.7326 271.2122 339.5617
22.42857       305.3636 281.9543 328.7730 269.5621 341.1652
22.57143       305.3444 280.8960 329.7927 267.9539 342.7349
22.71429       305.3285 279.8662 330.7907 266.3873 344.2696
22.85714       305.3153 278.8642 331.7665 264.8618 345.7689
23.00000       305.3045 277.8889 332.7201 263.3759 347.2330
23.14286       305.2955 276.9392 333.6518 261.9284 348.6627
23.28571       305.2881 276.0141 334.5621 260.5174 350.0588
23.42857       305.2820 275.1122 335.4517 259.1414 351.4226
23.57143       305.2769 274.2325 336.3213 257.7986 352.7552
23.71429       305.2727 273.3737 337.1718 256.4873 354.0581
23.85714       305.2693 272.5347 338.0039 255.2060 355.3325
24.00000       305.2664 271.7145 338.8184 253.9531 356.5797
24.14286       305.2641 270.9120 339.6161 252.7271 357.8010
24.28571       305.2621 270.1264 340.3978 251.5267 358.9975
24.42857       305.2605 269.3567 341.1643 250.3504 360.1706
24.57143       305.2592 268.6021 341.9162 249.1971 361.3213
24.71429       305.2581 267.8619 342.6542 248.0656 362.4506
24.85714       305.2572 267.1353 343.3790 246.9548 363.5596
25.00000       305.2564 266.4216 344.0912 245.8637 364.6491
25.14286       305.2558 265.7202 344.7914 244.7913 365.7202
25.28571       305.2553 265.0306 345.4800 243.7369 366.7737

=== TIME SERIES DECOMPOSITION ===
Warning message:
Using `size` aesthetic for lines was deprecated in ggplot2 3.4.0.
ℹ Please use `linewidth` instead.
ℹ The deprecated feature was likely used in the forecast package.
  Please report the issue at <https://github.com/robjhyndman/forecast/issues>. 

	Ljung-Box test

data:  Residuals
Q* = 37.697, df = 14, p-value = 0.0005781

Model df: 0.   Total lags used: 14


=== FITTING MODELS ===

Forecast method: Simple exponential smoothing

Model Information:
Simple exponential smoothing 

Call:
ses(y = tsfare_train, h = n_test)

  Smoothing parameters:
    alpha = 0.4722 

  Initial states:
    l = 365.2486 

  sigma:  9.8741

     AIC     AICc      BIC 
1305.459 1305.640 1314.219 

Error measures:
                     ME     RMSE      MAE       MPE     MAPE      MASE
Training set -0.9233752 9.801755 7.766244 -0.332503 2.186902 0.6319101
                     ACF1
Training set -0.006340817

Forecasts:
         Point Forecast    Lo 80    Hi 80    Lo 95    Hi 95
20.57143       305.5116 292.8575 318.1658 286.1588 324.8645
20.71429       305.5116 291.5175 319.5057 284.1095 326.9138
20.85714       305.5116 290.2951 320.7281 282.2400 328.7833
21.00000       305.5116 289.1639 321.8594 280.5099 330.5134
21.14286       305.5116 288.1060 322.9173 278.8920 332.1313
21.28571       305.5116 287.1088 323.9144 277.3669 333.6563
21.42857       305.5116 286.1630 324.8603 275.9204 335.1028
21.57143       305.5116 285.2612 325.7620 274.5413 336.4819
21.71429       305.5116 284.3980 326.6252 273.2211 337.8021
21.85714       305.5116 283.5687 327.4546 271.9528 339.0704
22.00000       305.5116 282.7696 328.2536 270.7307 340.2925
22.14286       305.5116 281.9977 329.0256 269.5501 341.4731
22.28571       305.5116 281.2503 329.7730 268.4071 342.6162
22.42857       305.5116 280.5252 330.4980 267.2982 343.7250
22.57143       305.5116 279.8206 331.2026 266.2206 344.8026
22.71429       305.5116 279.1348 331.8884 265.1718 345.8514
22.85714       305.5116 278.4664 332.5568 264.1496 346.8737
23.00000       305.5116 277.8142 333.2091 263.1520 347.8712
23.14286       305.5116 277.1769 333.8463 262.1774 348.8458
23.28571       305.5116 276.5537 334.4696 261.2242 349.7990
23.42857       305.5116 275.9436 335.0797 260.2912 350.7321
23.57143       305.5116 275.3458 335.6775 259.3769 351.6463
23.71429       305.5116 274.7596 336.2636 258.4805 352.5427
23.85714       305.5116 274.1844 336.8388 257.6008 353.4224
24.00000       305.5116 273.6196 337.4036 256.7370 354.2862
24.14286       305.5116 273.0646 337.9586 255.8882 355.1350
24.28571       305.5116 272.5190 338.5043 255.0537 355.9695
24.42857       305.5116 271.9822 339.0410 254.2328 356.7904
24.57143       305.5116 271.4539 339.5693 253.4248 357.5984
24.71429       305.5116 270.9337 340.0896 252.6292 358.3941
24.85714       305.5116 270.4211 340.6021 251.8454 359.1779
25.00000       305.5116 269.9160 341.1073 251.0728 359.9505
25.14286       305.5116 269.4179 341.6053 250.3110 360.7122
25.28571       305.5116 268.9266 342.0966 249.5597 361.4636
ETS(M,Ad,N) 

Call:
ets(y = tsfare_train)

  Smoothing parameters:
    alpha = 0.2134 
    beta  = 0.1032 
    phi   = 0.8262 

  Initial states:
    l = 371.3742 
    b = -9.1059 

  sigma:  0.0268

     AIC     AICc      BIC 
1294.516 1295.163 1312.036 

Training set error measures:
                     ME     RMSE      MAE        MPE     MAPE      MASE
Training set -0.2366182 9.456513 7.447556 -0.1206778 2.098175 0.6059797
                  ACF1
Training set 0.1017923
Series: tsfare_train 
ARIMA(3,0,0) with non-zero mean 

Coefficients:
         ar1     ar2     ar3      mean
      0.5076  0.1960  0.2766  342.8401
s.e.  0.0857  0.0957  0.0856   28.3056

sigma^2 = 99.39:  log likelihood = -508.9
AIC=1027.79   AICc=1028.25   BIC=1042.39

Training set error measures:
                     ME     RMSE      MAE        MPE     MAPE     MASE
Training set -0.6609095 9.822802 7.681588 -0.2753877 2.161967 0.625022
                    ACF1
Training set -0.01663039
Series: tsfare_train 
ARIMA(2,1,2) 

Coefficients:
         ar1      ar2      ma1     ma2
      1.0474  -0.4545  -1.5702  0.8567
s.e.  0.1313   0.1430   0.0792  0.1011

sigma^2 = 92.54:  log likelihood = -499.46
AIC=1008.92   AICc=1009.39   BIC=1023.49

Training set error measures:
                     ME     RMSE      MAE        MPE     MAPE      MASE
Training set -0.8086643 9.442414 7.352873 -0.2836968 2.072377 0.5982757
                    ACF1
Training set -0.03546907
Series: tsfare_train 
ARIMA(0,1,1)(1,0,0)[7] 

Coefficients:
          ma1    sar1
      -0.5574  0.2458
s.e.   0.0687  0.0886

sigma^2 = 92.68:  log likelihood = -500.35
AIC=1006.71   AICc=1006.89   BIC=1015.44

Training set error measures:
                     ME     RMSE      MAE        MPE     MAPE      MASE
Training set -0.8645046 9.521282 7.412174 -0.3000083 2.086556 0.6031008
                   ACF1
Training set 0.02453985

=== PLOTTING ALL FORECASTS ===
Warning message:
In scale_x_date() : A <numeric> value was passed to a Date scale.
ℹ The value was converted to a <Date> object.
Warning message:
In scale_x_date() : A <numeric> value was passed to a Date scale.
ℹ The value was converted to a <Date> object.

=== CHECKING RESIDUALS ===

	Ljung-Box test

data:  Residuals from Naive method
Q* = 31.632, df = 14, p-value = 0.004517

Model df: 0.   Total lags used: 14


	Ljung-Box test

data:  Residuals from Mean
Q* = 1555, df = 14, p-value < 2.2e-16

Model df: 0.   Total lags used: 14


	Ljung-Box test

data:  Residuals from Random walk with drift
Q* = 31.632, df = 14, p-value = 0.004517

Model df: 0.   Total lags used: 14


	Ljung-Box test

data:  Residuals
Q* = 27.172, df = 14, p-value = 0.01828

Model df: 0.   Total lags used: 14


	Ljung-Box test

data:  Residuals from Simple exponential smoothing
Q* = 15.321, df = 14, p-value = 0.3566

Model df: 0.   Total lags used: 14


	Ljung-Box test

data:  Residuals from ETS(M,Ad,N)
Q* = 15.075, df = 14, p-value = 0.373

Model df: 0.   Total lags used: 14


	Ljung-Box test

data:  Residuals from ARIMA(3,0,0) with non-zero mean
Q* = 17.736, df = 11, p-value = 0.08791

Model df: 3.   Total lags used: 14


	Ljung-Box test

data:  Residuals from ARIMA(2,1,2)
Q* = 8.9124, df = 10, p-value = 0.5404

Model df: 4.   Total lags used: 14


	Ljung-Box test

data:  Residuals from ARIMA(0,1,1)(1,0,0)[7]
Q* = 9.5016, df = 12, p-value = 0.6596

Model df: 2.   Total lags used: 14


=== BOX-LJUNG TESTS ===

	Box-Ljung test

data:  fare.naive$residuals
X-squared = 28.267, df = 10, p-value = 0.001636


	Box-Ljung test

data:  fare.ave$residuals
X-squared = 1176.9, df = 10, p-value < 2.2e-16


	Box-Ljung test

data:  fare.drift$residuals
X-squared = 28.267, df = 10, p-value = 0.001636


	Box-Ljung test

data:  fare.sma$residuals
X-squared = 24.873, df = 10, p-value = 0.005591


	Box-Ljung test

data:  fare.ses$residuals
X-squared = 12.512, df = 10, p-value = 0.2523


	Box-Ljung test

data:  fare.ets$residuals
X-squared = 12.91, df = 10, p-value = 0.2287


	Box-Ljung test

data:  fare.arma$residuals
X-squared = 15.489, df = 10, p-value = 0.1152


	Box-Ljung test

data:  fare.arima$residuals
X-squared = 7.0887, df = 10, p-value = 0.717


	Box-Ljung test

data:  fare.sarima$residuals
X-squared = 7.3891, df = 10, p-value = 0.6883


=== ACCURACY ON TEST DATA ===

Naive:
               ME     RMSE      MAE       MPE     MAPE
Test set 2.144712 5.930637 5.040376 0.6644356 1.631869

Average:
                ME     RMSE      MAE      MPE    MAPE
Test set -43.91995 44.26663 43.91995 -14.3035 14.3035

Drift:
               ME     RMSE      MAE      MPE     MAPE
Test set 12.00474 15.05237 12.85861 3.857101 4.142418

SMA:
               ME     RMSE      MAE       MPE     MAPE
Test set 2.421856 6.008738 5.111224 0.7546946 1.653452

SES:
               ME     RMSE    MAE       MPE     MAPE
Test set 2.343891 6.005538 5.1005 0.7291552 1.650473

ETS:
               ME     RMSE     MAE       MPE     MAPE
Test set 2.378712 6.134045 5.21174 0.7397854 1.686749

ARMA:
                ME     RMSE      MAE       MPE     MAPE
Test set -4.250952 6.857496 5.391192 -1.406648 1.770971

ARIMA:
               ME     RMSE      MAE      MPE     MAPE
Test set 6.211464 8.632186 7.533837 1.983653 2.427742

SARIMA:
                ME     RMSE      MAE       MPE     MAPE
Test set 0.6319295 5.686187 4.644479 0.1723628 1.510714

=== MODEL COMPARISON ===

=== MODEL RANKING (by RMSE) ===
    Model      RMSE       MAE      MAPE
9  SARIMA  5.686187  4.644479  1.510714
1   Naive  5.930637  5.040376  1.631869
5     SES  6.005538  5.100500  1.650473
4     SMA  6.008738  5.111224  1.653452
6     ETS  6.134045  5.211740  1.686749
7    ARMA  6.857496  5.391192  1.770971
8   ARIMA  8.632186  7.533837  2.427742
3   Drift 15.052371 12.858612  4.142418
2 Average 44.266629 43.919948 14.303498

🏆 BEST MODEL: SARIMA 
   RMSE: 5.69 
   MAE: 4.64 
   MAPE: 1.51 %

📊 Plotting top 3 models: SARIMA, Naive, SES 
Warning messages:
1: In scale_x_date() : A <numeric> value was passed to a Date scale.
ℹ The value was converted to a <Date> object.
2: In grid.Call.graphics(C_text, as.graphicsAnnot(x$label), x$x, x$y,  :
  conversion failure on '🥇 SARIMA | 🥈 Naive | 🥉 SES' in 'mbcsToSbcs': for 🥇 (U+1F947)
3: In grid.Call.graphics(C_text, as.graphicsAnnot(x$label), x$x, x$y,  :
  conversion failure on '🥇 SARIMA | 🥈 Naive | 🥉 SES' in 'mbcsToSbcs': for 🥈 (U+1F948)
4: In grid.Call.graphics(C_text, as.graphicsAnnot(x$label), x$x, x$y,  :
  conversion failure on '🥇 SARIMA | 🥈 Naive | 🥉 SES' in 'mbcsToSbcs': for 🥉 (U+1F949)

=== SAVING RESULTS ===
      Naive  Average    Drift      SMA      SES      ETS     ARMA    ARIMA
1  305.7108 351.7755 305.1474 304.4139 305.5116 306.5781 305.1843 306.7303
2  305.7108 351.7755 304.5839 306.0541 305.5116 306.3478 306.8241 305.0241
3  305.7108 351.7755 304.0205 305.3930 305.5116 306.1575 306.9097 302.7737
4  305.7108 351.7755 303.4571 305.2870 305.5116 306.0003 307.1290 301.1920
5  305.7108 351.7755 302.8937 305.5780 305.5116 305.8704 307.7105 300.5580
6  305.7108 351.7755 302.3302 305.4193 305.5116 305.7631 308.0724 300.6128
7  305.7108 351.7755 301.7668 305.4281 305.5116 305.6744 308.4307 300.9584
8  305.7108 351.7755 301.2034 305.4752 305.5116 305.6012 308.8444 301.2954
9  305.7108 351.7755 300.6399 305.4409 305.5116 305.5406 309.2246 301.4913
10 305.7108 351.7755 300.0765 305.4481 305.5116 305.4906 309.5978 301.5434
     SARIMA   Actual
1  309.7740 297.5404
2  308.4775 301.3015
3  307.0518 311.8004
4  306.1783 302.1981
5  305.3048 300.5262
6  307.4051 309.5586
7  306.8331 313.2938
8  307.8319 312.1840
9  307.5132 311.1027
10 307.1627 305.5378

Results saved to:
  - results/forecast_comparison.csv
  - results/model_accuracy_comparison.csv

=== BEST MODEL DETAILS ===
Best model based on RMSE: SARIMA 

SARIMA Model Summary:
Series: tsfare_train 
ARIMA(0,1,1)(1,0,0)[7] 

Coefficients:
          ma1    sar1
      -0.5574  0.2458
s.e.   0.0687  0.0886

sigma^2 = 92.68:  log likelihood = -500.35
AIC=1006.71   AICc=1006.89   BIC=1015.44

Training set error measures:
                     ME     RMSE      MAE        MPE     MAPE      MASE
Training set -0.8645046 9.521282 7.412174 -0.3000083 2.086556 0.6031008
                   ACF1
Training set 0.02453985

Forecast:
         Point Forecast    Lo 80    Hi 80    Lo 95    Hi 95
20.57143       309.7740 297.4362 322.1119 290.9049 328.6431
20.71429       308.4775 294.9854 321.9695 287.8432 329.1118
20.85714       307.0518 292.4968 321.6068 284.7918 329.3118
21.00000       306.1783 290.6328 321.7238 282.4036 329.9530
21.14286       305.3048 288.8283 321.7813 280.1062 330.5034
21.28571       307.4051 290.0475 324.7627 280.8589 333.9513
21.42857       306.8331 288.6370 325.0293 279.0045 334.6618
21.57143       307.8319 287.7513 327.9124 277.1213 338.5424
21.71429       307.5132 286.3118 328.7146 275.0885 339.9379
21.85714       307.1627 284.8969 329.4286 273.1100 341.2155
22.00000       306.9480 283.6663 330.2298 271.3417 342.5544
22.14286       306.7333 282.4782 330.9885 269.6383 343.8283
22.28571       307.2496 282.0587 332.4405 268.7234 345.7757
22.42857       307.1090 281.0159 333.2021 267.2030 347.0150
22.57143       307.3545 280.1917 334.5173 265.8125 348.8965
22.71429       307.2762 279.1926 335.3597 264.3261 350.2263
22.85714       307.1900 278.2150 336.1651 262.8765 351.5036
23.00000       307.1372 277.2973 336.9772 261.5010 352.7735
23.14286       307.0845 276.4040 337.7649 260.1628 354.0061
23.28571       307.2114 275.7129 338.7099 259.0385 355.3842
23.42857       307.1768 274.8809 339.4727 257.7845 356.5691
23.57143       307.2372 274.1231 340.3512 256.5936 357.8807
23.71429       307.2179 273.3273 341.1085 255.3868 359.0490
23.85714       307.1967 272.5470 341.8464 254.2046 360.1888
24.00000       307.1838 271.7912 342.5763 253.0556 361.3120
24.14286       307.1708 271.0507 343.2909 251.9299 362.4117
24.28571       307.2020 270.3687 344.0353 250.8703 363.5337
24.42857       307.1935 269.6605 344.7264 249.7918 364.5952
24.57143       307.2083 268.9800 345.4366 248.7431 365.6735
24.71429       307.2036 268.2970 346.1102 247.7011 366.7061
24.85714       307.1984 267.6251 346.7716 246.6763 367.7205
25.00000       307.1952 266.9663 347.4241 245.6704 368.7199
25.14286       307.1920 266.3180 348.0660 244.6807 369.7033
25.28571       307.1997 265.6906 348.7087 243.7171 370.6822

=== ANALYSIS COMPLETE ===
